<html>
<body>
<pre>
<h1>µVision Build Log</h1>
<h2>Project:</h2>
E:\Documents\ServoLPC2148\ServoLPC2148.uvproj
Project File Date:  07/27/2014

<h2>Output:</h2>
Rebuild target 'Target 1'
assembling Startup.s...
compiling ServoLPC2148.c...
ServoLPC2148.c(72): warning:  #1-D: last line of file ends without a newline
  }
ServoLPC2148.c: 1 warning, 0 errors
linking...
Program Size: Code=3304 RO-data=16 RW-data=0 ZI-data=1256  
FromELF: creating hex file...
".\ServoLPC2148.axf" - 0 Error(s), 1 Warning(s).
</pre>
</body>
</html>
  #1-D: last line of file ends without a newline
  }
ServoLPC2148.c: 1 warning, 0 errors
"ServoLPC2148.c" - 0 Error(s), 1 Warning(s).

